[2026-06-09T20:54:00Z INFO  moon_terminal::config] конфиг: 10 серверов, 2 групп
[2026-06-09T20:54:00Z INFO  moon_terminal] ядер в конфиге: 10
[2026-06-09T20:54:00Z INFO  moon_terminal::session] session up: core=1
[2026-06-09T20:54:00Z INFO  moon_terminal::db] отчёты: writer запущен (D:\projects\handoff_tauri_2026-06-07\moon-terminal\target\debug\reports.sqlite)
[2026-06-09T20:54:00Z INFO  moon_terminal::feed::live] live connect 45.77.135.239:5006 market=BTCUSDT
[2026-06-09T20:54:00Z INFO  moon_terminal::session] session up: core=2
[2026-06-09T20:54:00Z INFO  moon_terminal::feed::live] live connect 45.32.42.247:5010 market=BTCUSDT
[2026-06-09T20:54:00Z INFO  moon_terminal::session] session up: core=3
[2026-06-09T20:54:00Z INFO  moon_terminal::feed::live] live connect 45.76.106.155:5006 market=BTCUSDT
[2026-06-09T20:54:00Z INFO  moon_terminal::session] session up: core=4
[2026-06-09T20:54:00Z INFO  moon_terminal::feed::live] live connect 139.180.194.59:5012 market=BTCUSDT
[2026-06-09T20:54:00Z INFO  moon_terminal::session] session up: core=5
[2026-06-09T20:54:00Z INFO  moon_terminal::feed::live] live connect 45.32.29.252:5020 market=BTCUSDT
[2026-06-09T20:54:00Z INFO  moon_terminal::session] session up: core=6
[2026-06-09T20:54:00Z INFO  moon_terminal::feed::live] live connect 202.182.126.74:5010 market=BTCUSDT
[2026-06-09T20:54:00Z INFO  moon_terminal::session] session up: core=7
[2026-06-09T20:54:00Z INFO  moon_terminal::session] session up: core=8
[2026-06-09T20:54:00Z INFO  moon_terminal::session] session up: core=9
[2026-06-09T20:54:00Z INFO  moon_terminal::session] session up: core=10
[2026-06-09T20:54:00Z INFO  moon_terminal::feed::live] live connect 45.32.29.252:5008 market=BTCUSDT
[2026-06-09T20:54:00Z INFO  moon_terminal::feed::live] live connect 139.180.194.59:5006 market=BTCUSDT
[2026-06-09T20:54:00Z INFO  moon_terminal::feed::live] live connect 45.32.29.252:5007 market=BTCUSDT
[2026-06-09T20:54:00Z INFO  moon_terminal::feed::live] live connect 139.180.194.59:5007 market=BTCUSDT
[2026-06-09T20:54:00Z WARN  wgpu_hal::vulkan::instance] InstanceFlags::VALIDATION requested, but unable to find layer: VK_LAYER_KHRONOS_validation
[2026-06-09T20:54:00Z WARN  wgpu_hal::vulkan::instance] GENERAL [Loader Message (0x0)]
    	windows_read_data_files_in_registry: Registry lookup failed to get layer manifest files.
[2026-06-09T20:54:00Z WARN  wgpu_hal::vulkan::instance] 	objects: (type: INSTANCE, hndl: 0x21f42bbff40, name: ?)
[2026-06-09T20:54:00Z INFO  moon_terminal::feed::live] lifecycle: Connecting
[2026-06-09T20:54:00Z INFO  moon_terminal::feed::live] lifecycle: Connecting
[2026-06-09T20:54:00Z INFO  moon_terminal::feed::live] lifecycle: Connecting
[2026-06-09T20:54:00Z WARN  wgpu_hal::dx12::instance] Unable to enable D3D12 debug interface: 0x887A002D
[2026-06-09T20:54:00Z WARN  wgpu_hal::auxil::dxgi::factory] Unable to enable DXGI debug interface: 0x887A002D
[2026-06-09T20:54:00Z INFO  moon_terminal::feed::live] lifecycle: Connecting
[2026-06-09T20:54:00Z INFO  moon_terminal::feed::live] lifecycle: Connecting
[2026-06-09T20:54:00Z INFO  moon_terminal::feed::live] lifecycle: Connecting
[2026-06-09T20:54:00Z INFO  moon_terminal::feed::live] lifecycle: Connecting
[2026-06-09T20:54:00Z INFO  moon_terminal::feed::live] lifecycle: Connecting
[2026-06-09T20:54:00Z INFO  moon_terminal::feed::live] lifecycle: Connecting
[2026-06-09T20:54:00Z WARN  wgpu_hal::vulkan::conv] Unrecognized present mode 1000361000
[2026-06-09T20:54:00Z INFO  moon_terminal::feed::live] lifecycle: Connecting
[2026-06-09T20:54:01Z INFO  moon_terminal::feed::live] lifecycle: Connected { fresh: true }
[2026-06-09T20:54:01Z INFO  moon_terminal::feed::live] lifecycle: Connected { fresh: true }
[2026-06-09T20:54:01Z INFO  moon_terminal::feed::live] lifecycle: Connected { fresh: true }
[2026-06-09T20:54:01Z INFO  moon_terminal::feed::live] lifecycle: Connected { fresh: true }
[2026-06-09T20:54:01Z WARN  wgpu_hal::vulkan::conv] Unrecognized present mode 1000361000
[2026-06-09T20:54:01Z WARN  wgpu_hal::vulkan::conv] Unrecognized present mode 1000361000
[2026-06-09T20:54:01Z INFO  moon_terminal::feed::live] lifecycle: Connected { fresh: true }
[2026-06-09T20:54:01Z INFO  moon_terminal::feed::live] lifecycle: Connected { fresh: true }
[2026-06-09T20:54:01Z INFO  moon_terminal::feed::live] lifecycle: Connected { fresh: true }
[2026-06-09T20:54:01Z INFO  moon_terminal::feed::live] lifecycle: Connected { fresh: true }
[2026-06-09T20:54:01Z INFO  moon_terminal::feed::live] lifecycle: Connected { fresh: true }
[2026-06-09T20:54:01Z INFO  moon_terminal::feed::live] lifecycle: Connected { fresh: true }
[2026-06-09T20:54:01Z WARN  egui_wgpu::renderer] Detected a linear (sRGBA aware) framebuffer Bgra8UnormSrgb. egui prefers Rgba8Unorm or Bgra8Unorm
[2026-06-09T20:54:01Z WARN  egui_wgpu::renderer] Detected a linear (sRGBA aware) framebuffer Bgra8UnormSrgb. egui prefers Rgba8Unorm or Bgra8Unorm
[2026-06-09T20:54:01Z WARN  wgpu_hal::vulkan::instance] InstanceFlags::VALIDATION requested, but unable to find layer: VK_LAYER_KHRONOS_validation
[2026-06-09T20:54:01Z WARN  wgpu_hal::vulkan::instance] GENERAL [Loader Message (0x0)]
    	windows_read_data_files_in_registry: Registry lookup failed to get layer manifest files.
[2026-06-09T20:54:01Z WARN  wgpu_hal::vulkan::instance] 	objects: (type: INSTANCE, hndl: 0x21f07e5eb30, name: ?)
[2026-06-09T20:54:01Z WARN  wgpu_hal::dx12::instance] Unable to enable D3D12 debug interface: 0x887A002D
[2026-06-09T20:54:01Z WARN  wgpu_hal::auxil::dxgi::factory] Unable to enable DXGI debug interface: 0x887A002D
[2026-06-09T20:54:01Z WARN  wgpu_hal::vulkan::conv] Unrecognized present mode 1000361000
[2026-06-09T20:54:01Z WARN  wgpu_hal::vulkan::conv] Unrecognized present mode 1000361000
[2026-06-09T20:54:01Z WARN  wgpu_hal::vulkan::conv] Unrecognized present mode 1000361000
[2026-06-09T20:54:01Z WARN  egui_wgpu::renderer] Detected a linear (sRGBA aware) framebuffer Bgra8UnormSrgb. egui prefers Rgba8Unorm or Bgra8Unorm
[2026-06-09T20:54:01Z WARN  egui_wgpu::renderer] Detected a linear (sRGBA aware) framebuffer Bgra8UnormSrgb. egui prefers Rgba8Unorm or Bgra8Unorm
[2026-06-09T20:54:01Z WARN  wgpu_hal::vulkan::conv] Unrecognized present mode 1000361000
[2026-06-09T20:54:01Z WARN  wgpu_hal::vulkan::conv] Unrecognized present mode 1000361000
[2026-06-09T20:54:01Z WARN  wgpu_hal::vulkan::conv] Unrecognized present mode 1000361000
[2026-06-09T20:54:01Z WARN  wgpu_hal::vulkan::conv] Unrecognized present mode 1000361000
[2026-06-09T20:54:01Z WARN  wgpu_hal::vulkan::conv] Unrecognized present mode 1000361000
[2026-06-09T20:54:01Z WARN  wgpu_hal::vulkan::conv] Unrecognized present mode 1000361000
[2026-06-09T20:54:01Z INFO  moon_terminal::feed::live] lifecycle: InitStepCompleted { step: "BaseCheck", elapsed_ms: 486 }
[2026-06-09T20:54:01Z INFO  moon_terminal::feed::live] lifecycle: InitStepCompleted { step: "BaseCheck", elapsed_ms: 500 }
[2026-06-09T20:54:01Z INFO  moon_terminal::feed::live] lifecycle: InitStepCompleted { step: "BaseCheck", elapsed_ms: 500 }
[2026-06-09T20:54:01Z INFO  moon_terminal::feed::live] lifecycle: InitStepCompleted { step: "BaseCheck", elapsed_ms: 480 }
[2026-06-09T20:54:01Z INFO  moon_terminal::feed::live] lifecycle: InitStepCompleted { step: "BaseCheck", elapsed_ms: 456 }
[2026-06-09T20:54:01Z INFO  moon_terminal::feed::live] lifecycle: InitStepCompleted { step: "BaseCheck", elapsed_ms: 463 }
[2026-06-09T20:54:01Z INFO  moon_terminal::feed::live] lifecycle: InitStepCompleted { step: "BaseCheck", elapsed_ms: 451 }
[2026-06-09T20:54:01Z INFO  moon_terminal::feed::live] lifecycle: InitStepCompleted { step: "BaseCheck", elapsed_ms: 466 }
[2026-06-09T20:54:01Z INFO  moon_terminal::feed::live] lifecycle: InitStepCompleted { step: "BaseCheck", elapsed_ms: 456 }
[2026-06-09T20:54:01Z INFO  moon_terminal::feed::live] lifecycle: InitStepCompleted { step: "BaseCheck", elapsed_ms: 465 }
[2026-06-09T20:54:01Z INFO  moon_terminal::feed::live] lifecycle: InitStepCompleted { step: "AuthCheck", elapsed_ms: 781 }
[2026-06-09T20:54:01Z INFO  moon_terminal::feed::live] lifecycle: InitStepCompleted { step: "AuthCheck", elapsed_ms: 745 }
[2026-06-09T20:54:01Z INFO  moon_terminal::feed::live] lifecycle: InitStepCompleted { step: "AuthCheck", elapsed_ms: 798 }
[2026-06-09T20:54:01Z INFO  moon_terminal::feed::live] lifecycle: InitStepCompleted { step: "AuthCheck", elapsed_ms: 783 }
[2026-06-09T20:54:01Z INFO  moon_terminal::feed::live] lifecycle: InitStepCompleted { step: "AuthCheck", elapsed_ms: 759 }
[2026-06-09T20:54:01Z INFO  moon_terminal::feed::live] lifecycle: InitStepCompleted { step: "AuthCheck", elapsed_ms: 773 }
[2026-06-09T20:54:01Z INFO  moon_terminal::feed::live] lifecycle: InitStepCompleted { step: "AuthCheck", elapsed_ms: 810 }
[2026-06-09T20:54:01Z INFO  moon_terminal::feed::live] lifecycle: InitStepCompleted { step: "AuthCheck", elapsed_ms: 767 }
[2026-06-09T20:54:01Z INFO  moon_terminal::feed::live] lifecycle: InitStepCompleted { step: "AuthCheck", elapsed_ms: 779 }
[2026-06-09T20:54:02Z INFO  moon_terminal::feed::live] lifecycle: InitStepCompleted { step: "GetMarketsList", elapsed_ms: 1017 }
[2026-06-09T20:54:02Z INFO  moon_terminal::feed::live] lifecycle: InitStepCompleted { step: "GetMarketsList", elapsed_ms: 1091 }
[2026-06-09T20:54:02Z INFO  moon_terminal::feed::live] lifecycle: InitStepCompleted { step: "GetMarketsList", elapsed_ms: 1073 }
[2026-06-09T20:54:02Z INFO  moon_terminal::feed::live] lifecycle: InitStepCompleted { step: "GetMarketsList", elapsed_ms: 1133 }
[2026-06-09T20:54:02Z INFO  moon_terminal::feed::live] lifecycle: InitStepCompleted { step: "GetMarketsList", elapsed_ms: 1133 }
[2026-06-09T20:54:03Z INFO  moon_terminal::feed::live] lifecycle: InitStepCompleted { step: "AuthCheck", elapsed_ms: 2228 }
[2026-06-09T20:54:03Z INFO  moon_terminal::feed::live] lifecycle: InitStepCompleted { step: "GetMarketsList", elapsed_ms: 2496 }
[2026-06-09T20:54:03Z INFO  moon_terminal::feed::live] lifecycle: InitStepCompleted { step: "GetMarketsList", elapsed_ms: 2603 }
[2026-06-09T20:54:03Z INFO  moon_terminal::feed::live] lifecycle: InitStepCompleted { step: "UpdateMarketsList", elapsed_ms: 2766 }
[2026-06-09T20:54:03Z INFO  moon_terminal::feed::live] lifecycle: InitStepCompleted { step: "StrategySchema", elapsed_ms: 2766 }
[2026-06-09T20:54:03Z INFO  moon_terminal::feed::live] lifecycle: InitStepCompleted { step: "PostInitFlush", elapsed_ms: 2871 }
[2026-06-09T20:54:03Z INFO  moon_terminal::feed::live] lifecycle: InitStepCompleted { step: "StartupSnapshot", elapsed_ms: 3427 }
[2026-06-09T20:54:03Z INFO  moon_terminal::feed::live] lifecycle: InitStepCompleted { step: "StartupEvents", elapsed_ms: 3427 }
[2026-06-09T20:54:03Z INFO  moon_terminal::feed::live] lifecycle: Ready
[2026-06-09T20:54:03Z INFO  moon_terminal::feed::live] core 1 → market provider (all-trades)
[2026-06-09T20:54:04Z INFO  moon_terminal::feed::live] lifecycle: InitStepCompleted { step: "UpdateMarketsList", elapsed_ms: 2885 }
[2026-06-09T20:54:04Z INFO  moon_terminal::feed::live] lifecycle: InitStepCompleted { step: "StrategySchema", elapsed_ms: 2885 }
[2026-06-09T20:54:04Z INFO  moon_terminal::feed::live] lifecycle: InitStepCompleted { step: "PostInitFlush", elapsed_ms: 2990 }
[2026-06-09T20:54:04Z INFO  moon_terminal::feed::live] lifecycle: InitStepCompleted { step: "StartupSnapshot", elapsed_ms: 3549 }
[2026-06-09T20:54:04Z INFO  moon_terminal::feed::live] lifecycle: InitStepCompleted { step: "StartupEvents", elapsed_ms: 3549 }
[2026-06-09T20:54:04Z INFO  moon_terminal::feed::live] lifecycle: Ready
[2026-06-09T20:54:04Z INFO  moon_terminal::feed::live] core 3 → market provider (all-trades)
[2026-06-09T20:54:04Z INFO  moon_terminal::feed::live] lifecycle: Reconnecting
[2026-06-09T20:54:04Z INFO  moon_terminal::feed::live] lifecycle: Reconnecting
[2026-06-09T20:54:04Z INFO  moon_terminal::feed::live] lifecycle: InitStepCompleted { step: "UpdateMarketsList", elapsed_ms: 3760 }
[2026-06-09T20:54:04Z INFO  moon_terminal::feed::live] lifecycle: InitStepCompleted { step: "StrategySchema", elapsed_ms: 3760 }
[2026-06-09T20:54:04Z INFO  moon_terminal::feed::live] lifecycle: Connected { fresh: false }
[2026-06-09T20:54:04Z INFO  moon_terminal::feed::live] lifecycle: InitStepCompleted { step: "PostInitFlush", elapsed_ms: 3864 }
[2026-06-09T20:54:04Z INFO  moon_terminal::feed::live] lifecycle: InitStepCompleted { step: "StartupSnapshot", elapsed_ms: 4406 }
[2026-06-09T20:54:04Z INFO  moon_terminal::feed::live] lifecycle: InitStepCompleted { step: "StartupEvents", elapsed_ms: 4406 }
[2026-06-09T20:54:04Z INFO  moon_terminal::feed::live] lifecycle: Ready
[2026-06-09T20:54:04Z INFO  moon_terminal::feed::live] core 6 → market provider (all-trades)
[2026-06-09T20:54:04Z INFO  moon_terminal::feed::live] lifecycle: Reconnecting
[2026-06-09T20:54:05Z INFO  moon_terminal::feed::live] lifecycle: Reconnecting
[2026-06-09T20:54:05Z INFO  moon_terminal::feed::live] lifecycle: Reconnecting
[2026-06-09T20:54:05Z INFO  moon_terminal::feed::live] lifecycle: Reconnecting
[2026-06-09T20:54:05Z INFO  moon_terminal::feed::live] lifecycle: InitStepCompleted { step: "UpdateMarketsList", elapsed_ms: 4004 }
[2026-06-09T20:54:05Z INFO  moon_terminal::feed::live] lifecycle: InitStepCompleted { step: "StrategySchema", elapsed_ms: 4004 }
[2026-06-09T20:54:05Z INFO  moon_terminal::feed::live] lifecycle: Connected { fresh: false }
[2026-06-09T20:54:05Z INFO  moon_terminal::feed::live] lifecycle: InitStepCompleted { step: "PostInitFlush", elapsed_ms: 4107 }
[2026-06-09T20:54:05Z INFO  moon_terminal::feed::live] lifecycle: InitStepCompleted { step: "StartupSnapshot", elapsed_ms: 4624 }
[2026-06-09T20:54:05Z INFO  moon_terminal::feed::live] lifecycle: InitStepCompleted { step: "StartupEvents", elapsed_ms: 4624 }
[2026-06-09T20:54:05Z INFO  moon_terminal::feed::live] lifecycle: Ready
[2026-06-09T20:54:05Z INFO  moon_terminal::feed::live] core 2 → market provider (all-trades)
[2026-06-09T20:54:05Z INFO  moon_terminal::feed::live] lifecycle: Reconnecting
[2026-06-09T20:54:05Z INFO  moon_terminal::feed::live] lifecycle: Connected { fresh: false }
[2026-06-09T20:54:05Z INFO  moon_terminal::feed::live] lifecycle: Connected { fresh: false }
[2026-06-09T20:54:05Z INFO  moon_terminal::feed::live] lifecycle: Connected { fresh: false }
[2026-06-09T20:54:05Z INFO  moon_terminal::feed::live] lifecycle: Connected { fresh: false }
[2026-06-09T20:54:05Z INFO  moon_terminal::feed::live] lifecycle: Connected { fresh: false }
